Testing
Testing
Testing
Testing
Testing
Testing
Testing
Testing
Testing
Testing
Testing
Testing
Testing
Testing
Testing
Testing
Testing
Testing
Testing
Testing
Testing
Testing
Testing
Testing
Testing
Testing
Testing
Testing
Testing
Testing
Testing
Testing
Testing
Testing
Testing
Testing
Testing
Testing
Testing
Testing
Testing
Testing
Testing
Testing
Testing
Testing
Testing
Testing
Testing
Testing
Testing
Testing
Testing
Testing
Testing
Testing
Testing
Testing
Testing
Testing
